
--- RECONFIGURACIÓN a las 2025-11-12 17:19:40 ---
Regla de Adaptación (ICA): 150
Regla de Adaptación (CP): 10
[-] Contenedor 'vqe' detenido.
[-] Contenedor 'qaoa' detenido.
[-] Contenedor 'tql_simulator' detenido.
[-] Contenedor 'spinq_simulator' detenido.
[-] Contenedor 'qiskit_simulator' detenido.
[-] Contenedor 'algoritmo' detenido.
[-] Contenedor 'backend' detenido.
[-] Contenedor 'hqc' detenido.
[-] Contenedor 'optimizacion_de_rutas' detenido.
[-] Contenedor 'entretenimiento_tercera_edad' detenido.
[-] Contenedor 'entretenimiento_adulto' detenido.
[-] Contenedor 'entretenimiento_familiar' detenido.
[-] Contenedor 'entretenimiento' detenido.
[-] Contenedor 'deportes' detenido.
[-] Contenedor 'ambientes_abiertos' detenido.

--- RECONFIGURACIÓN a las 2025-11-12 22:57:34 ---
Regla de Adaptación (ICA): 50
Regla de Adaptación (CP): 350
[-] Contenedor 'vqe' detenido.
[-] Contenedor 'tql_simulator' detenido.
[-] Contenedor 'qiskit_simulator' detenido.
[-] Contenedor 'ambientes_cerrados' detenido.
[-] Contenedor 'visualizador_restriccion_uso_lena' detenido.
[⚛️] Trabajo cuántico (QAOA en Spinq Simulator) ejecutado.

--- RECONFIGURACIÓN a las 2025-11-12 23:00:56 ---
Regla de Adaptación (ICA): 50
Regla de Adaptación (CP): 10
[-] Contenedor 'qaoa' detenido.
[-] Contenedor 'spinq_simulator' detenido.
[-] Contenedor 'algoritmo' detenido.
[-] Contenedor 'backend' detenido.
[-] Contenedor 'hqc' detenido.
[-] Contenedor 'optimizacion_de_rutas' detenido.
[-] Contenedor 'entretenimiento_tercera_edad' detenido.
[-] Contenedor 'entretenimiento_adulto' detenido.
[-] Contenedor 'entretenimiento_familiar' detenido.
[-] Contenedor 'entretenimiento' detenido.

--- RECONFIGURACIÓN a las 2025-11-12 23:03:35 ---
Regla de Adaptación (ICA): 50
Regla de Adaptación (CP): 10
[+] Contenedor 'entretenimiento_familiar' iniciado.
[+] Contenedor 'entretenimiento' iniciado.
[+] Contenedor 'visualizador_restriccion_uso_lena' iniciado.

--- RECONFIGURACIÓN a las 2025-11-12 23:06:00 ---
Regla de Adaptación (ICA): 150
Regla de Adaptación (CP): 350
[+] Contenedor 'qaoa' iniciado.
[+] Contenedor 'spinq_simulator' iniciado.
[+] Contenedor 'algoritmo' iniciado.
[+] Contenedor 'backend' iniciado.
[+] Contenedor 'hqc' iniciado.
[-] Contenedor 'entretenimiento_familiar' detenido.
[-] Contenedor 'entretenimiento' detenido.
[-] Contenedor 'deportes' detenido.
[-] Contenedor 'ambientes_abiertos' detenido.
[+] Contenedor 'ambientes_cerrados' iniciado.

--- RECONFIGURACIÓN a las 2025-11-12 23:08:19 ---
Regla de Adaptación (ICA): 150
Regla de Adaptación (CP): 10
[-] Contenedor 'qaoa' detenido.
[-] Contenedor 'spinq_simulator' detenido.
[-] Contenedor 'algoritmo' detenido.
[-] Contenedor 'backend' detenido.
[-] Contenedor 'hqc' detenido.

--- RECONFIGURACIÓN a las 2025-11-12 23:10:57 ---
Regla de Adaptación (ICA): 150
Regla de Adaptación (CP): 10

--- RECONFIGURACIÓN a las 2025-11-12 23:14:04 ---
Regla de Adaptación (ICA): 150
Regla de Adaptación (CP): 350
[+] Contenedor 'qaoa' iniciado.
[+] Contenedor 'spinq_simulator' iniciado.
[+] Contenedor 'algoritmo' iniciado.
[+] Contenedor 'backend' iniciado.
[+] Contenedor 'hqc' iniciado.
[+] Contenedor 'optimizacion_de_rutas' iniciado.
[⚛️] Trabajo cuántico (QAOA en Spinq Simulator) ejecutado.

--- RECONFIGURACIÓN a las 2025-11-12 23:19:14 ---
Regla de Adaptación (ICA): 50
Regla de Adaptación (CP): 10
[-] Contenedor 'qaoa' detenido.
[-] Contenedor 'spinq_simulator' detenido.
[-] Contenedor 'algoritmo' detenido.
[-] Contenedor 'backend' detenido.
[-] Contenedor 'hqc' detenido.
[-] Contenedor 'optimizacion_de_rutas' detenido.
[+] Contenedor 'entretenimiento_familiar' iniciado.
[+] Contenedor 'entretenimiento' iniciado.
[+] Contenedor 'deportes' iniciado.
[+] Contenedor 'ambientes_abiertos' iniciado.
[-] Contenedor 'ambientes_cerrados' detenido.

--- RECONFIGURACIÓN a las 2025-11-12 23:22:57 ---
Regla de Adaptación (ICA): 250
Regla de Adaptación (CP): 10
[-] Contenedor 'entretenimiento_familiar' detenido.
[-] Contenedor 'entretenimiento' detenido.
[-] Contenedor 'deportes' detenido.
[-] Contenedor 'ambientes_abiertos' detenido.
[+] Contenedor 'ambientes_cerrados' iniciado.

--- RECONFIGURACIÓN a las 2025-11-12 23:25:24 ---
Regla de Adaptación (ICA): 150
Regla de Adaptación (CP): 350
[+] Contenedor 'qaoa' iniciado.
[+] Contenedor 'tql_simulator' iniciado.
[+] Contenedor 'algoritmo' iniciado.
[+] Contenedor 'backend' iniciado.
[+] Contenedor 'hqc' iniciado.
[+] Contenedor 'optimizacion_de_rutas' iniciado.
[⚛️] Trabajo cuántico (QAOA en Tql Simulator) ejecutado.

--- RECONFIGURACIÓN a las 2025-11-12 23:27:29 ---
Regla de Adaptación (ICA): 150
Regla de Adaptación (CP): 10
[-] Contenedor 'qaoa' detenido.
[-] Contenedor 'tql_simulator' detenido.
[-] Contenedor 'algoritmo' detenido.
[-] Contenedor 'backend' detenido.
[-] Contenedor 'hqc' detenido.
[-] Contenedor 'optimizacion_de_rutas' detenido.

--- RECONFIGURACIÓN a las 2025-11-13 16:13:59 ---
Regla de Adaptación (ICA): 250
Regla de Adaptación (CP): 350
[-] Contenedor 'vqe' detenido.
[-] Contenedor 'tql_simulator' detenido.
[-] Contenedor 'qiskit_simulator' detenido.
[-] Contenedor 'optimizacion_de_rutas' detenido.
[-] Contenedor 'entretenimiento_tercera_edad' detenido.
[-] Contenedor 'entretenimiento_adulto' detenido.
[-] Contenedor 'entretenimiento_familiar' detenido.
[-] Contenedor 'entretenimiento' detenido.
[-] Contenedor 'deportes' detenido.
[-] Contenedor 'ambientes_abiertos' detenido.

--- RECONFIGURACIÓN a las 2025-11-13 16:16:39 ---
Regla de Adaptación (ICA): 250
Regla de Adaptación (CP): 10
[-] Contenedor 'qaoa' detenido.
[-] Contenedor 'spinq_simulator' detenido.
[-] Contenedor 'algoritmo' detenido.
[-] Contenedor 'backend' detenido.
[-] Contenedor 'hqc' detenido.

--- RECONFIGURACIÓN a las 2025-11-13 16:19:12 ---
Regla de Adaptación (ICA): 250
Regla de Adaptación (CP): 350
[+] Contenedor 'qaoa' iniciado.
[+] Contenedor 'spinq_simulator' iniciado.
[+] Contenedor 'algoritmo' iniciado.
[+] Contenedor 'backend' iniciado.
[+] Contenedor 'hqc' iniciado.

--- RECONFIGURACIÓN a las 2025-11-13 19:29:40 ---
Regla de Adaptación (ICA): 150
Regla de Adaptación (CP): 10
[-] Contenedor 'vqe' detenido.
[-] Contenedor 'qaoa' detenido.
[-] Contenedor 'tql_simulator' detenido.
[-] Contenedor 'spinq_simulator' detenido.
[-] Contenedor 'qiskit_simulator' detenido.
[-] Contenedor 'algoritmo' detenido.
[-] Contenedor 'backend' detenido.
[-] Contenedor 'hqc' detenido.
[-] Contenedor 'optimizacion_de_rutas' detenido.
[-] Contenedor 'entretenimiento_tercera_edad' detenido.
[-] Contenedor 'entretenimiento_adulto' detenido.
[-] Contenedor 'entretenimiento_familiar' detenido.
[-] Contenedor 'entretenimiento' detenido.
[-] Contenedor 'deportes' detenido.
[-] Contenedor 'ambientes_abiertos' detenido.

--- RECONFIGURACIÓN a las 2025-11-13 19:32:13 ---
Regla de Adaptación (ICA): 50
Regla de Adaptación (CP): 10
[+] Contenedor 'deportes' iniciado.
[+] Contenedor 'ambientes_abiertos' iniciado.
[-] Contenedor 'ambientes_cerrados' detenido.
[-] Contenedor 'visualizador_restriccion_uso_lena' detenido.

--- RECONFIGURACIÓN a las 2025-11-13 19:34:31 ---
Regla de Adaptación (ICA): 50
Regla de Adaptación (CP): 10

--- RECONFIGURACIÓN a las 2025-11-13 19:36:44 ---
Regla de Adaptación (ICA): 250
Regla de Adaptación (CP): 10
[-] Contenedor 'deportes' detenido.
[-] Contenedor 'ambientes_abiertos' detenido.
[+] Contenedor 'ambientes_cerrados' iniciado.
[+] Contenedor 'visualizador_restriccion_uso_lena' iniciado.

--- RECONFIGURACIÓN a las 2025-11-13 19:39:04 ---
Regla de Adaptación (ICA): 150
Regla de Adaptación (CP): 350
[+] Contenedor 'qaoa' iniciado.
[+] Contenedor 'spinq_simulator' iniciado.
[+] Contenedor 'algoritmo' iniciado.
[+] Contenedor 'backend' iniciado.
[+] Contenedor 'hqc' iniciado.

--- RECONFIGURACIÓN a las 2025-11-13 19:41:21 ---
Regla de Adaptación (ICA): 250
Regla de Adaptación (CP): 350
[+] Contenedor 'tql_simulator' iniciado.
[-] Contenedor 'spinq_simulator' detenido.

--- RECONFIGURACIÓN a las 2025-11-13 19:43:37 ---
Regla de Adaptación (ICA): 50
Regla de Adaptación (CP): 350
[-] Contenedor 'tql_simulator' detenido.
[+] Contenedor 'spinq_simulator' iniciado.
[+] Contenedor 'deportes' iniciado.
[+] Contenedor 'ambientes_abiertos' iniciado.
[-] Contenedor 'ambientes_cerrados' detenido.
[-] Contenedor 'visualizador_restriccion_uso_lena' detenido.

--- RECONFIGURACIÓN a las 2025-11-13 21:23:41 ---
Regla de Adaptación (ICA): 150
Regla de Adaptación (CP): 350
[-] Contenedor 'deportes' detenido.
[-] Contenedor 'ambientes_abiertos' detenido.
[+] Contenedor 'ambientes_cerrados' iniciado.
[+] Contenedor 'visualizador_restriccion_uso_lena' iniciado.

--- RECONFIGURACIÓN a las 2025-11-13 21:25:56 ---
Regla de Adaptación (ICA): 250
Regla de Adaptación (CP): 350

--- RECONFIGURACIÓN a las 2025-11-13 21:28:13 ---
Regla de Adaptación (ICA): 50
Regla de Adaptación (CP): 10
[-] Contenedor 'qaoa' detenido.
[-] Contenedor 'spinq_simulator' detenido.
[-] Contenedor 'algoritmo' detenido.
[-] Contenedor 'backend' detenido.
[-] Contenedor 'hqc' detenido.
[+] Contenedor 'deportes' iniciado.
[+] Contenedor 'ambientes_abiertos' iniciado.
[-] Contenedor 'ambientes_cerrados' detenido.
[-] Contenedor 'visualizador_restriccion_uso_lena' detenido.

--- RECONFIGURACIÓN a las 2025-11-13 21:31:17 ---
Regla de Adaptación (ICA): 250
Regla de Adaptación (CP): 350
[+] Contenedor 'qaoa' iniciado.
[+] Contenedor 'spinq_simulator' iniciado.
[+] Contenedor 'algoritmo' iniciado.
[+] Contenedor 'backend' iniciado.
[+] Contenedor 'hqc' iniciado.
[+] Contenedor 'optimizacion_de_rutas' iniciado.
[-] Contenedor 'deportes' detenido.
[-] Contenedor 'ambientes_abiertos' detenido.
[+] Contenedor 'ambientes_cerrados' iniciado.
[+] Contenedor 'visualizador_restriccion_uso_lena' iniciado.
[❌] ERROR: No se encontró un adaptador para el backend 'Spinq Simulator'.

--- RECONFIGURACIÓN a las 2025-11-13 22:06:40 ---
Regla de Adaptación (ICA): 250
Regla de Adaptación (CP): 350
[-] Contenedor 'optimizacion_de_rutas' detenido.

--- RECONFIGURACIÓN a las 2025-11-13 22:08:58 ---
Regla de Adaptación (ICA): 150
Regla de Adaptación (CP): 350

--- RECONFIGURACIÓN a las 2025-11-13 22:11:17 ---
Regla de Adaptación (ICA): 250
Regla de Adaptación (CP): 350

--- RECONFIGURACIÓN a las 2025-11-13 22:15:45 ---
Regla de Adaptación (ICA): 150
Regla de Adaptación (CP): 10
[-] Contenedor 'qaoa' detenido.
[-] Contenedor 'spinq_simulator' detenido.
[-] Contenedor 'algoritmo' detenido.
[-] Contenedor 'backend' detenido.
[-] Contenedor 'hqc' detenido.

--- RECONFIGURACIÓN a las 2025-11-13 22:18:07 ---
Regla de Adaptación (ICA): 50
Regla de Adaptación (CP): 10
[+] Contenedor 'deportes' iniciado.
[+] Contenedor 'ambientes_abiertos' iniciado.
[-] Contenedor 'ambientes_cerrados' detenido.
[-] Contenedor 'visualizador_restriccion_uso_lena' detenido.

--- RECONFIGURACIÓN a las 2025-11-13 22:20:24 ---
Regla de Adaptación (ICA): 250
Regla de Adaptación (CP): 350
[+] Contenedor 'qaoa' iniciado.
[+] Contenedor 'spinq_simulator' iniciado.
[+] Contenedor 'algoritmo' iniciado.
[+] Contenedor 'backend' iniciado.
[+] Contenedor 'hqc' iniciado.
[-] Contenedor 'deportes' detenido.
[-] Contenedor 'ambientes_abiertos' detenido.
[+] Contenedor 'ambientes_cerrados' iniciado.
[+] Contenedor 'visualizador_restriccion_uso_lena' iniciado.

--- RECONFIGURACIÓN a las 2025-11-13 22:22:41 ---
Regla de Adaptación (ICA): 250
Regla de Adaptación (CP): 10
[-] Contenedor 'qaoa' detenido.
[-] Contenedor 'spinq_simulator' detenido.
[-] Contenedor 'algoritmo' detenido.
[-] Contenedor 'backend' detenido.
[-] Contenedor 'hqc' detenido.

--- RECONFIGURACIÓN a las 2025-11-13 22:25:00 ---
Regla de Adaptación (ICA): 150
Regla de Adaptación (CP): 10

--- RECONFIGURACIÓN a las 2025-11-13 22:27:14 ---
Regla de Adaptación (ICA): 250
Regla de Adaptación (CP): 10

--- RECONFIGURACIÓN a las 2025-11-13 22:29:26 ---
Regla de Adaptación (ICA): 250
Regla de Adaptación (CP): 10

--- RECONFIGURACIÓN a las 2025-11-13 22:31:40 ---
Regla de Adaptación (ICA): 250
Regla de Adaptación (CP): 350
[+] Contenedor 'qaoa' iniciado.
[+] Contenedor 'spinq_simulator' iniciado.
[+] Contenedor 'algoritmo' iniciado.
[+] Contenedor 'backend' iniciado.
[+] Contenedor 'hqc' iniciado.

--- RECONFIGURACIÓN a las 2025-11-13 23:27:02 ---
Regla de Adaptación (ICA): 250
Regla de Adaptación (CP): 10
[-] Contenedor 'qaoa' detenido.
[-] Contenedor 'spinq_simulator' detenido.
[-] Contenedor 'algoritmo' detenido.
[-] Contenedor 'backend' detenido.
[-] Contenedor 'hqc' detenido.

--- RECONFIGURACIÓN a las 2025-11-13 23:29:26 ---
Regla de Adaptación (ICA): 50
Regla de Adaptación (CP): 10
[+] Contenedor 'deportes' iniciado.
[+] Contenedor 'ambientes_abiertos' iniciado.
[-] Contenedor 'ambientes_cerrados' detenido.
[-] Contenedor 'visualizador_restriccion_uso_lena' detenido.

--- RECONFIGURACIÓN a las 2025-11-13 23:31:46 ---
Regla de Adaptación (ICA): 150
Regla de Adaptación (CP): 350
[+] Contenedor 'qaoa' iniciado.
[+] Contenedor 'spinq_simulator' iniciado.
[+] Contenedor 'algoritmo' iniciado.
[+] Contenedor 'backend' iniciado.
[+] Contenedor 'hqc' iniciado.
[-] Contenedor 'deportes' detenido.
[-] Contenedor 'ambientes_abiertos' detenido.
[+] Contenedor 'ambientes_cerrados' iniciado.
[+] Contenedor 'visualizador_restriccion_uso_lena' iniciado.

--- RECONFIGURACIÓN a las 2025-11-13 23:34:06 ---
Regla de Adaptación (ICA): 250
Regla de Adaptación (CP): 10
[-] Contenedor 'qaoa' detenido.
[-] Contenedor 'spinq_simulator' detenido.
[-] Contenedor 'algoritmo' detenido.
[-] Contenedor 'backend' detenido.
[-] Contenedor 'hqc' detenido.

--- RECONFIGURACIÓN a las 2025-11-13 23:36:27 ---
Regla de Adaptación (ICA): 150
Regla de Adaptación (CP): 10

--- RECONFIGURACIÓN a las 2025-11-13 23:38:43 ---
Regla de Adaptación (ICA): 150
Regla de Adaptación (CP): 10

--- RECONFIGURACIÓN a las 2025-11-13 23:47:44 ---
Regla de Adaptación (ICA): 250
Regla de Adaptación (CP): 350
[+] Contenedor 'qaoa' iniciado.
[+] Contenedor 'spinq_simulator' iniciado.
[+] Contenedor 'algoritmo' iniciado.
[+] Contenedor 'backend' iniciado.
[+] Contenedor 'hqc' iniciado.

--- RECONFIGURACIÓN a las 2025-11-13 23:49:59 ---
Regla de Adaptación (ICA): 250
Regla de Adaptación (CP): 350

--- RECONFIGURACIÓN a las 2025-11-13 23:52:15 ---
Regla de Adaptación (ICA): 150
Regla de Adaptación (CP): 350

--- RECONFIGURACIÓN a las 2025-11-13 23:54:30 ---
Regla de Adaptación (ICA): 150
Regla de Adaptación (CP): 10
[-] Contenedor 'qaoa' detenido.
[-] Contenedor 'spinq_simulator' detenido.
[-] Contenedor 'algoritmo' detenido.
[-] Contenedor 'backend' detenido.
[-] Contenedor 'hqc' detenido.

--- RECONFIGURACIÓN a las 2025-11-13 23:56:50 ---
Regla de Adaptación (ICA): 150
Regla de Adaptación (CP): 10

--- RECONFIGURACIÓN a las 2025-11-13 23:59:08 ---
Regla de Adaptación (ICA): 50
Regla de Adaptación (CP): 10
[+] Contenedor 'deportes' iniciado.
[+] Contenedor 'ambientes_abiertos' iniciado.
[-] Contenedor 'ambientes_cerrados' detenido.
[-] Contenedor 'visualizador_restriccion_uso_lena' detenido.

--- RECONFIGURACIÓN a las 2025-11-14 00:01:25 ---
Regla de Adaptación (ICA): 250
Regla de Adaptación (CP): 10
[-] Contenedor 'deportes' detenido.
[-] Contenedor 'ambientes_abiertos' detenido.
[+] Contenedor 'ambientes_cerrados' iniciado.
[+] Contenedor 'visualizador_restriccion_uso_lena' iniciado.

--- RECONFIGURACIÓN a las 2025-11-14 00:03:42 ---
Regla de Adaptación (ICA): 250
Regla de Adaptación (CP): 350
[+] Contenedor 'qaoa' iniciado.
[+] Contenedor 'spinq_simulator' iniciado.
[+] Contenedor 'algoritmo' iniciado.
[+] Contenedor 'backend' iniciado.
[+] Contenedor 'hqc' iniciado.

--- RECONFIGURACIÓN a las 2025-11-14 00:05:59 ---
Regla de Adaptación (ICA): 150
Regla de Adaptación (CP): 10
[-] Contenedor 'qaoa' detenido.
[-] Contenedor 'spinq_simulator' detenido.
[-] Contenedor 'algoritmo' detenido.
[-] Contenedor 'backend' detenido.
[-] Contenedor 'hqc' detenido.

--- RECONFIGURACIÓN a las 2025-11-14 00:10:31 ---
Regla de Adaptación (ICA): 250
Regla de Adaptación (CP): 350
[+] Contenedor 'qaoa' iniciado.
[+] Contenedor 'spinq_simulator' iniciado.
[+] Contenedor 'algoritmo' iniciado.
[+] Contenedor 'backend' iniciado.
[+] Contenedor 'hqc' iniciado.

--- RECONFIGURACIÓN a las 2025-11-14 00:12:23 ---
Regla de Adaptación (ICA): 250
Regla de Adaptación (CP): 10
[-] Contenedor 'qaoa' detenido.
[-] Contenedor 'spinq_simulator' detenido.
[-] Contenedor 'algoritmo' detenido.
[-] Contenedor 'backend' detenido.
[-] Contenedor 'hqc' detenido.

--- RECONFIGURACIÓN a las 2025-11-14 00:14:44 ---
Regla de Adaptación (ICA): 50
Regla de Adaptación (CP): 10
[+] Contenedor 'deportes' iniciado.
[+] Contenedor 'ambientes_abiertos' iniciado.
[-] Contenedor 'ambientes_cerrados' detenido.
[-] Contenedor 'visualizador_restriccion_uso_lena' detenido.

--- RECONFIGURACIÓN a las 2025-11-14 00:17:03 ---
Regla de Adaptación (ICA): 150
Regla de Adaptación (CP): 350
[+] Contenedor 'qaoa' iniciado.
[+] Contenedor 'spinq_simulator' iniciado.
[+] Contenedor 'algoritmo' iniciado.
[+] Contenedor 'backend' iniciado.
[+] Contenedor 'hqc' iniciado.
[-] Contenedor 'deportes' detenido.
[-] Contenedor 'ambientes_abiertos' detenido.
[+] Contenedor 'ambientes_cerrados' iniciado.
[+] Contenedor 'visualizador_restriccion_uso_lena' iniciado.

--- RECONFIGURACIÓN a las 2025-11-14 00:19:21 ---
Regla de Adaptación (ICA): 150
Regla de Adaptación (CP): 350
[+] Contenedor 'tql_simulator' iniciado.
[-] Contenedor 'spinq_simulator' detenido.

--- RECONFIGURACIÓN a las 2025-11-14 00:21:40 ---
Regla de Adaptación (ICA): 50
Regla de Adaptación (CP): 10
[-] Contenedor 'qaoa' detenido.
[-] Contenedor 'tql_simulator' detenido.
[-] Contenedor 'algoritmo' detenido.
[-] Contenedor 'backend' detenido.
[-] Contenedor 'hqc' detenido.
[+] Contenedor 'deportes' iniciado.
[+] Contenedor 'ambientes_abiertos' iniciado.
[-] Contenedor 'ambientes_cerrados' detenido.
[-] Contenedor 'visualizador_restriccion_uso_lena' detenido.

--- RECONFIGURACIÓN a las 2025-11-14 00:24:03 ---
Regla de Adaptación (ICA): 250
Regla de Adaptación (CP): 10
[-] Contenedor 'deportes' detenido.
[-] Contenedor 'ambientes_abiertos' detenido.
[+] Contenedor 'ambientes_cerrados' iniciado.
[+] Contenedor 'visualizador_restriccion_uso_lena' iniciado.

--- RECONFIGURACIÓN a las 2025-11-14 00:26:22 ---
Regla de Adaptación (ICA): 50
Regla de Adaptación (CP): 350
[+] Contenedor 'qaoa' iniciado.
[+] Contenedor 'spinq_simulator' iniciado.
[+] Contenedor 'algoritmo' iniciado.
[+] Contenedor 'backend' iniciado.
[+] Contenedor 'hqc' iniciado.
[+] Contenedor 'deportes' iniciado.
[+] Contenedor 'ambientes_abiertos' iniciado.
[-] Contenedor 'ambientes_cerrados' detenido.
[-] Contenedor 'visualizador_restriccion_uso_lena' detenido.

--- RECONFIGURACIÓN a las 2025-11-14 00:28:50 ---
Regla de Adaptación (ICA): 250
Regla de Adaptación (CP): 10
[-] Contenedor 'qaoa' detenido.
[-] Contenedor 'spinq_simulator' detenido.
[-] Contenedor 'algoritmo' detenido.
[-] Contenedor 'backend' detenido.
[-] Contenedor 'hqc' detenido.
[-] Contenedor 'deportes' detenido.
[-] Contenedor 'ambientes_abiertos' detenido.
[+] Contenedor 'ambientes_cerrados' iniciado.
[+] Contenedor 'visualizador_restriccion_uso_lena' iniciado.

--- RECONFIGURACIÓN a las 2025-11-14 00:31:16 ---
Regla de Adaptación (ICA): 50
Regla de Adaptación (CP): 10
[+] Contenedor 'deportes' iniciado.
[+] Contenedor 'ambientes_abiertos' iniciado.
[-] Contenedor 'ambientes_cerrados' detenido.
[-] Contenedor 'visualizador_restriccion_uso_lena' detenido.

--- RECONFIGURACIÓN a las 2025-11-14 00:33:32 ---
Regla de Adaptación (ICA): 50
Regla de Adaptación (CP): 350
[+] Contenedor 'qaoa' iniciado.
[+] Contenedor 'qiskit_simulator' iniciado.
[+] Contenedor 'algoritmo' iniciado.
[+] Contenedor 'backend' iniciado.
[+] Contenedor 'hqc' iniciado.

--- RECONFIGURACIÓN a las 2025-11-14 00:35:47 ---
Regla de Adaptación (ICA): 250
Regla de Adaptación (CP): 350
[-] Contenedor 'deportes' detenido.
[-] Contenedor 'ambientes_abiertos' detenido.
[+] Contenedor 'ambientes_cerrados' iniciado.
[+] Contenedor 'visualizador_restriccion_uso_lena' iniciado.

--- RECONFIGURACIÓN a las 2025-11-14 00:38:03 ---
Regla de Adaptación (ICA): 250
Regla de Adaptación (CP): 10
[-] Contenedor 'qaoa' detenido.
[-] Contenedor 'qiskit_simulator' detenido.
[-] Contenedor 'algoritmo' detenido.
[-] Contenedor 'backend' detenido.
[-] Contenedor 'hqc' detenido.

--- RECONFIGURACIÓN a las 2025-11-14 00:40:22 ---
Regla de Adaptación (ICA): 250
Regla de Adaptación (CP): 10

--- RECONFIGURACIÓN a las 2025-11-14 00:42:50 ---
Regla de Adaptación (ICA): 50
Regla de Adaptación (CP): 10
[+] Contenedor 'deportes' iniciado.
[+] Contenedor 'ambientes_abiertos' iniciado.
[-] Contenedor 'ambientes_cerrados' detenido.

--- RECONFIGURACIÓN a las 2025-11-14 00:43:54 ---
Regla de Adaptación (ICA): 250
Regla de Adaptación (CP): 350
[+] Contenedor 'qaoa' iniciado.
[+] Contenedor 'spinq_simulator' iniciado.
[+] Contenedor 'algoritmo' iniciado.
[+] Contenedor 'backend' iniciado.
[+] Contenedor 'hqc' iniciado.
[+] Contenedor 'optimizacion_de_rutas' iniciado.
[-] Contenedor 'deportes' detenido.
[-] Contenedor 'ambientes_abiertos' detenido.
[+] Contenedor 'ambientes_cerrados' iniciado.
[⚛️] Trabajo cuántico (QAOA en Spinq Simulator) ejecutado.

--- RECONFIGURACIÓN a las 2025-11-14 00:46:12 ---
Regla de Adaptación (ICA): 250
Regla de Adaptación (CP): 10
[-] Contenedor 'qaoa' detenido.
[-] Contenedor 'spinq_simulator' detenido.
[-] Contenedor 'algoritmo' detenido.
[-] Contenedor 'backend' detenido.
[-] Contenedor 'hqc' detenido.
[-] Contenedor 'optimizacion_de_rutas' detenido.

--- RECONFIGURACIÓN a las 2025-11-14 00:48:32 ---
Regla de Adaptación (ICA): 150
Regla de Adaptación (CP): 10

--- RECONFIGURACIÓN a las 2025-11-14 00:50:48 ---
Regla de Adaptación (ICA): 250
Regla de Adaptación (CP): 10

--- RECONFIGURACIÓN a las 2025-11-14 00:56:16 ---
Regla de Adaptación (ICA): 50
Regla de Adaptación (CP): 350
[+] Contenedor 'qaoa' iniciado.
[+] Contenedor 'spinq_simulator' iniciado.
[+] Contenedor 'algoritmo' iniciado.
[+] Contenedor 'backend' iniciado.
[+] Contenedor 'hqc' iniciado.
[+] Contenedor 'optimizacion_de_rutas' iniciado.
[+] Contenedor 'deportes' iniciado.
[+] Contenedor 'ambientes_abiertos' iniciado.
[-] Contenedor 'ambientes_cerrados' detenido.
[-] Contenedor 'visualizador_restriccion_uso_lena' detenido.
[⚛️] Trabajo cuántico (QAOA en Spinq Simulator) ejecutado.

--- RECONFIGURACIÓN a las 2025-11-14 00:59:01 ---
Regla de Adaptación (ICA): 250
Regla de Adaptación (CP): 350
[-] Contenedor 'deportes' detenido.
[-] Contenedor 'ambientes_abiertos' detenido.
[+] Contenedor 'ambientes_cerrados' iniciado.
[+] Contenedor 'visualizador_restriccion_uso_lena' iniciado.
[⚛️] Trabajo cuántico (QAOA en Spinq Simulator) ejecutado.

--- RECONFIGURACIÓN a las 2025-11-14 00:59:55 ---
Regla de Adaptación (ICA): 150
Regla de Adaptación (CP): 10
[-] Contenedor 'vqe' detenido.
[-] Contenedor 'qaoa' detenido.
[-] Contenedor 'tql_simulator' detenido.
[-] Contenedor 'spinq_simulator' detenido.
[-] Contenedor 'qiskit_simulator' detenido.
[-] Contenedor 'algoritmo' detenido.
[-] Contenedor 'backend' detenido.
[-] Contenedor 'hqc' detenido.
[-] Contenedor 'optimizacion_de_rutas' detenido.
[-] Contenedor 'entretenimiento_tercera_edad' detenido.
[-] Contenedor 'entretenimiento_adulto' detenido.
[-] Contenedor 'entretenimiento_familiar' detenido.
[-] Contenedor 'entretenimiento' detenido.
[-] Contenedor 'deportes' detenido.
[-] Contenedor 'ambientes_abiertos' detenido.

--- RECONFIGURACIÓN a las 2025-11-14 11:10:41 ---
Regla de Adaptación (ICA): 150
Regla de Adaptación (CP): 350
[-] Contenedor 'vqe' detenido.
[-] Contenedor 'tql_simulator' detenido.
[-] Contenedor 'spinq_simulator' detenido.
[-] Contenedor 'entretenimiento_tercera_edad' detenido.
[-] Contenedor 'entretenimiento_adulto' detenido.
[-] Contenedor 'entretenimiento_familiar' detenido.
[-] Contenedor 'entretenimiento' detenido.
[-] Contenedor 'deportes' detenido.
[-] Contenedor 'ambientes_abiertos' detenido.
[❌] ERROR HQC: No se encontró un adaptador para el backend 'Qiskit Simulator'.

--- RECONFIGURACIÓN a las 2025-11-14 11:13:41 ---
Regla de Adaptación (ICA): 250
Regla de Adaptación (CP): 350
[❌] ERROR HQC: No se encontró un adaptador para el backend 'Qiskit Simulator'.

--- RECONFIGURACIÓN a las 2025-11-17 09:59:03 ---
Regla de Adaptación (ICA): 250
Regla de Adaptación (CP): 350
[-] Contenedor 'vqe' detenido.
[-] Contenedor 'qiskit_simulator' detenido.
[-] Contenedor 'entretenimiento_tercera_edad' detenido.
[-] Contenedor 'entretenimiento_adulto' detenido.
[-] Contenedor 'entretenimiento_familiar' detenido.
[-] Contenedor 'entretenimiento' detenido.
[-] Contenedor 'deportes' detenido.
[-] Contenedor 'ambientes_abiertos' detenido.
[⚛️] Trabajo cuántico (QAOA en Cirq Simulator) ejecutado.

--- RECONFIGURACIÓN a las 2025-11-17 17:43:29 ---
Regla de Adaptación (ICA): 250
Regla de Adaptación (CP): 350
[-] Contenedor 'vqe' detenido.
[-] Contenedor 'qiskit_simulator' detenido.
[-] Contenedor 'entretenimiento_tercera_edad' detenido.
[-] Contenedor 'entretenimiento_adulto' detenido.
[-] Contenedor 'entretenimiento_familiar' detenido.
[-] Contenedor 'entretenimiento' detenido.
[-] Contenedor 'deportes' detenido.
[-] Contenedor 'ambientes_abiertos' detenido.
[⚛️] Trabajo cuántico (QAOA en Cirq Simulator) ejecutado.

--- RECONFIGURACIÓN a las 2025-11-17 17:45:44 ---
Regla de Adaptación (ICA): 50
Regla de Adaptación (CP): 10
[-] Contenedor 'cirq_simulator' detenido.
[-] Contenedor 'qaoa' detenido.
[-] Contenedor 'algoritmo' detenido.
[-] Contenedor 'backend' detenido.
[-] Contenedor 'hqc' detenido.
[-] Contenedor 'optimizacion_de_rutas' detenido.
[+] Contenedor 'deportes' iniciado.
[+] Contenedor 'ambientes_abiertos' iniciado.
[-] Contenedor 'ambientes_cerrados' detenido.
[-] Contenedor 'visualizador_restriccion_uso_lena' detenido.

--- RECONFIGURACIÓN a las 2025-11-17 17:51:59 ---
Regla de Adaptación (ICA): 250
Regla de Adaptación (CP): 350
[+] Contenedor 'cirq_simulator' iniciado.
[+] Contenedor 'qaoa' iniciado.
[+] Contenedor 'algoritmo' iniciado.
[+] Contenedor 'backend' iniciado.
[+] Contenedor 'hqc' iniciado.
[+] Contenedor 'optimizacion_de_rutas' iniciado.
[-] Contenedor 'deportes' detenido.
[-] Contenedor 'ambientes_abiertos' detenido.
[+] Contenedor 'ambientes_cerrados' iniciado.
[+] Contenedor 'visualizador_restriccion_uso_lena' iniciado.
[⚛️] Trabajo cuántico (QAOA en Cirq Simulator) ejecutado.

--- RECONFIGURACIÓN a las 2025-11-17 17:54:22 ---
Regla de Adaptación (ICA): 150
Regla de Adaptación (CP): 350
[⚛️] Trabajo cuántico (QAOA en Cirq Simulator) ejecutado.

--- RECONFIGURACIÓN a las 2025-11-19 14:17:40 ---
Regla de Adaptación (ICA): 150
Regla de Adaptación (CP): 10
[-] Contenedor 'cirq_simulator' detenido.
[-] Contenedor 'vqe' detenido.
[-] Contenedor 'qaoa' detenido.
[-] Contenedor 'qiskit_simulator' detenido.
[-] Contenedor 'algoritmo' detenido.
[-] Contenedor 'backend' detenido.
[-] Contenedor 'hqc' detenido.
[-] Contenedor 'optimizacion_de_rutas' detenido.
[-] Contenedor 'entretenimiento_tercera_edad' detenido.
[-] Contenedor 'entretenimiento_adulto' detenido.
[-] Contenedor 'entretenimiento_familiar' detenido.
[-] Contenedor 'entretenimiento' detenido.
[-] Contenedor 'deportes' detenido.
[-] Contenedor 'ambientes_abiertos' detenido.

--- RECONFIGURACIÓN a las 2025-11-19 14:20:14 ---
Regla de Adaptación (ICA): 50
Regla de Adaptación (CP): 10
[+] Contenedor 'deportes' iniciado.
[+] Contenedor 'ambientes_abiertos' iniciado.
[-] Contenedor 'ambientes_cerrados' detenido.
[-] Contenedor 'visualizador_restriccion_uso_lena' detenido.

--- RECONFIGURACIÓN a las 2025-11-19 14:22:29 ---
Regla de Adaptación (ICA): 150
Regla de Adaptación (CP): 350
[+] Contenedor 'cirq_simulator' iniciado.
[+] Contenedor 'qaoa' iniciado.
[+] Contenedor 'algoritmo' iniciado.
[+] Contenedor 'backend' iniciado.
[+] Contenedor 'hqc' iniciado.
[+] Contenedor 'optimizacion_de_rutas' iniciado.
[-] Contenedor 'deportes' detenido.
[-] Contenedor 'ambientes_abiertos' detenido.
[+] Contenedor 'ambientes_cerrados' iniciado.
[+] Contenedor 'visualizador_restriccion_uso_lena' iniciado.
[⚛️] Trabajo cuántico (QAOA en Cirq Simulator) ejecutado.

--- RECONFIGURACIÓN a las 2025-11-19 14:24:47 ---
Regla de Adaptación (ICA): 250
Regla de Adaptación (CP): 10
[-] Contenedor 'cirq_simulator' detenido.
[-] Contenedor 'qaoa' detenido.
[-] Contenedor 'algoritmo' detenido.
[-] Contenedor 'backend' detenido.
[-] Contenedor 'hqc' detenido.
[-] Contenedor 'optimizacion_de_rutas' detenido.

--- RECONFIGURACIÓN a las 2025-11-19 14:27:09 ---
Regla de Adaptación (ICA): 50
Regla de Adaptación (CP): 350
[+] Contenedor 'qaoa' iniciado.
[+] Contenedor 'qiskit_simulator' iniciado.
[+] Contenedor 'algoritmo' iniciado.
[+] Contenedor 'backend' iniciado.
[+] Contenedor 'hqc' iniciado.
[+] Contenedor 'optimizacion_de_rutas' iniciado.
[+] Contenedor 'deportes' iniciado.
[+] Contenedor 'ambientes_abiertos' iniciado.
[-] Contenedor 'ambientes_cerrados' detenido.
[-] Contenedor 'visualizador_restriccion_uso_lena' detenido.

--- RECONFIGURACIÓN a las 2025-11-19 15:36:54 ---
Regla de Adaptación (ICA): 50
Regla de Adaptación (CP): 10
[-] Contenedor 'qaoa' detenido.
[-] Contenedor 'qiskit_simulator' detenido.
[-] Contenedor 'algoritmo' detenido.
[-] Contenedor 'backend' detenido.
[-] Contenedor 'hqc' detenido.
[-] Contenedor 'optimizacion_de_rutas' detenido.

--- RECONFIGURACIÓN a las 2025-11-19 15:39:17 ---
Regla de Adaptación (ICA): 50
Regla de Adaptación (CP): 350
[+] Contenedor 'cirq_simulator' iniciado.
[+] Contenedor 'qaoa' iniciado.
[+] Contenedor 'algoritmo' iniciado.
[+] Contenedor 'backend' iniciado.
[+] Contenedor 'hqc' iniciado.
[+] Contenedor 'optimizacion_de_rutas' iniciado.
[⚛️] Trabajo cuántico (QAOA en Cirq Simulator) ejecutado.

--- RECONFIGURACIÓN a las 2025-11-19 15:41:34 ---
Regla de Adaptación (ICA): 250
Regla de Adaptación (CP): 350
[-] Contenedor 'deportes' detenido.
[-] Contenedor 'ambientes_abiertos' detenido.
[+] Contenedor 'ambientes_cerrados' iniciado.
[+] Contenedor 'visualizador_restriccion_uso_lena' iniciado.
[⚛️] Trabajo cuántico (QAOA en Cirq Simulator) ejecutado.

--- RECONFIGURACIÓN a las 2025-11-19 15:44:16 ---
Regla de Adaptación (ICA): 50
Regla de Adaptación (CP): 10
[-] Contenedor 'cirq_simulator' detenido.
[-] Contenedor 'vqe' detenido.
[-] Contenedor 'qaoa' detenido.
[-] Contenedor 'qiskit_simulator' detenido.
[-] Contenedor 'algoritmo' detenido.
[-] Contenedor 'backend' detenido.
[-] Contenedor 'hqc' detenido.
[-] Contenedor 'optimizacion_de_rutas' detenido.
[-] Contenedor 'entretenimiento_tercera_edad' detenido.
[-] Contenedor 'entretenimiento_adulto' detenido.
[-] Contenedor 'entretenimiento_familiar' detenido.
[-] Contenedor 'entretenimiento' detenido.
[-] Contenedor 'ambientes_cerrados' detenido.
[-] Contenedor 'visualizador_restriccion_uso_lena' detenido.

--- RECONFIGURACIÓN a las 2025-11-19 15:46:48 ---
Regla de Adaptación (ICA): 250
Regla de Adaptación (CP): 350
[+] Contenedor 'cirq_simulator' iniciado.
[+] Contenedor 'qaoa' iniciado.
[+] Contenedor 'algoritmo' iniciado.
[+] Contenedor 'backend' iniciado.
[+] Contenedor 'hqc' iniciado.
[+] Contenedor 'optimizacion_de_rutas' iniciado.
[-] Contenedor 'deportes' detenido.
[-] Contenedor 'ambientes_abiertos' detenido.
[+] Contenedor 'ambientes_cerrados' iniciado.
[+] Contenedor 'visualizador_restriccion_uso_lena' iniciado.
[⚛️] Trabajo cuántico (QAOA en Cirq Simulator) ejecutado.

--- RECONFIGURACIÓN a las 2025-11-19 15:49:11 ---
Regla de Adaptación (ICA): 150
Regla de Adaptación (CP): 350
[⚛️] Trabajo cuántico (QAOA en Cirq Simulator) ejecutado.

--- RECONFIGURACIÓN a las 2025-11-19 15:51:27 ---
Regla de Adaptación (ICA): 150
Regla de Adaptación (CP): 350
[⚛️] Trabajo cuántico (QAOA en Cirq Simulator) ejecutado.

--- RECONFIGURACIÓN a las 2025-11-19 15:53:44 ---
Regla de Adaptación (ICA): 50
Regla de Adaptación (CP): 10
[-] Contenedor 'cirq_simulator' detenido.
[-] Contenedor 'qaoa' detenido.
[-] Contenedor 'algoritmo' detenido.
[-] Contenedor 'backend' detenido.
[-] Contenedor 'hqc' detenido.
[-] Contenedor 'optimizacion_de_rutas' detenido.
[+] Contenedor 'deportes' iniciado.
[+] Contenedor 'ambientes_abiertos' iniciado.
[-] Contenedor 'ambientes_cerrados' detenido.
[-] Contenedor 'visualizador_restriccion_uso_lena' detenido.

--- RECONFIGURACIÓN a las 2025-11-19 15:56:10 ---
Regla de Adaptación (ICA): 50
Regla de Adaptación (CP): 10

--- RECONFIGURACIÓN a las 2025-11-19 15:58:24 ---
Regla de Adaptación (ICA): 250
Regla de Adaptación (CP): 350
[+] Contenedor 'cirq_simulator' iniciado.
[+] Contenedor 'qaoa' iniciado.
[+] Contenedor 'algoritmo' iniciado.
[+] Contenedor 'backend' iniciado.
[+] Contenedor 'hqc' iniciado.
[+] Contenedor 'optimizacion_de_rutas' iniciado.
[-] Contenedor 'deportes' detenido.
[-] Contenedor 'ambientes_abiertos' detenido.
[+] Contenedor 'ambientes_cerrados' iniciado.
[+] Contenedor 'visualizador_restriccion_uso_lena' iniciado.
[⚛️] Trabajo cuántico (QAOA en Cirq Simulator) ejecutado.

--- RECONFIGURACIÓN a las 2025-11-19 16:00:43 ---
Regla de Adaptación (ICA): 150
Regla de Adaptación (CP): 10
[-] Contenedor 'cirq_simulator' detenido.
[-] Contenedor 'qaoa' detenido.
[-] Contenedor 'algoritmo' detenido.
[-] Contenedor 'backend' detenido.
[-] Contenedor 'hqc' detenido.
[-] Contenedor 'optimizacion_de_rutas' detenido.

--- RECONFIGURACIÓN a las 2025-11-19 16:03:07 ---
Regla de Adaptación (ICA): 50
Regla de Adaptación (CP): 10
[+] Contenedor 'deportes' iniciado.
[+] Contenedor 'ambientes_abiertos' iniciado.
[-] Contenedor 'ambientes_cerrados' detenido.
[-] Contenedor 'visualizador_restriccion_uso_lena' detenido.

--- RECONFIGURACIÓN a las 2025-11-19 16:05:21 ---
Regla de Adaptación (ICA): 250
Regla de Adaptación (CP): 10
[-] Contenedor 'deportes' detenido.
[-] Contenedor 'ambientes_abiertos' detenido.
[+] Contenedor 'ambientes_cerrados' iniciado.
[+] Contenedor 'visualizador_restriccion_uso_lena' iniciado.

--- RECONFIGURACIÓN a las 2025-11-19 16:10:43 ---
Regla de Adaptación (ICA): 50
Regla de Adaptación (CP): 10
[-] Contenedor 'cirq_simulator' detenido.
[-] Contenedor 'vqe' detenido.
[-] Contenedor 'qaoa' detenido.
[-] Contenedor 'qiskit_simulator' detenido.
[-] Contenedor 'algoritmo' detenido.
[-] Contenedor 'backend' detenido.
[-] Contenedor 'hqc' detenido.
[-] Contenedor 'optimizacion_de_rutas' detenido.
[-] Contenedor 'entretenimiento_tercera_edad' detenido.
[-] Contenedor 'entretenimiento_adulto' detenido.
[-] Contenedor 'ambientes_cerrados' detenido.
[-] Contenedor 'visualizador_restriccion_uso_lena' detenido.

--- RECONFIGURACIÓN a las 2025-11-19 16:13:13 ---
Regla de Adaptación (ICA): 250
Regla de Adaptación (CP): 350
[+] Contenedor 'cirq_simulator' iniciado.
[+] Contenedor 'qaoa' iniciado.
[+] Contenedor 'algoritmo' iniciado.
[+] Contenedor 'backend' iniciado.
[+] Contenedor 'hqc' iniciado.
[+] Contenedor 'optimizacion_de_rutas' iniciado.
[-] Contenedor 'entretenimiento_familiar' detenido.
[-] Contenedor 'entretenimiento' detenido.
[-] Contenedor 'deportes' detenido.
[-] Contenedor 'ambientes_abiertos' detenido.
[+] Contenedor 'ambientes_cerrados' iniciado.
[+] Contenedor 'visualizador_restriccion_uso_lena' iniciado.
[⚛️] Trabajo cuántico (QAOA en Cirq Simulator) ejecutado.

--- RECONFIGURACIÓN a las 2025-11-19 16:15:34 ---
Regla de Adaptación (ICA): 150
Regla de Adaptación (CP): 350
[⚛️] Trabajo cuántico (QAOA en Cirq Simulator) ejecutado.

--- RECONFIGURACIÓN a las 2025-11-19 16:17:53 ---
Regla de Adaptación (ICA): 150
Regla de Adaptación (CP): 350
[+] Contenedor 'vqe' iniciado.
[-] Contenedor 'qaoa' detenido.
[⚛️] Trabajo cuántico (VQE en Cirq Simulator) ejecutado.

--- RECONFIGURACIÓN a las 2025-11-19 16:20:09 ---
Regla de Adaptación (ICA): 250
Regla de Adaptación (CP): 350
[-] Contenedor 'vqe' detenido.
[+] Contenedor 'qaoa' iniciado.
[⚛️] Trabajo cuántico (QAOA en Cirq Simulator) ejecutado.

--- RECONFIGURACIÓN a las 2025-11-19 16:22:24 ---
Regla de Adaptación (ICA): 250
Regla de Adaptación (CP): 10
[-] Contenedor 'cirq_simulator' detenido.
[-] Contenedor 'qaoa' detenido.
[-] Contenedor 'algoritmo' detenido.
[-] Contenedor 'backend' detenido.
[-] Contenedor 'hqc' detenido.
[-] Contenedor 'optimizacion_de_rutas' detenido.

--- RECONFIGURACIÓN a las 2025-11-19 16:24:49 ---
Regla de Adaptación (ICA): 250
Regla de Adaptación (CP): 350
[+] Contenedor 'cirq_simulator' iniciado.
[+] Contenedor 'qaoa' iniciado.
[+] Contenedor 'algoritmo' iniciado.
[+] Contenedor 'backend' iniciado.
[+] Contenedor 'hqc' iniciado.
[+] Contenedor 'optimizacion_de_rutas' iniciado.
[⚛️] Trabajo cuántico (QAOA en Cirq Simulator) ejecutado.

--- RECONFIGURACIÓN a las 2025-11-19 16:27:06 ---
Regla de Adaptación (ICA): 150
Regla de Adaptación (CP): 10
[-] Contenedor 'cirq_simulator' detenido.
[-] Contenedor 'qaoa' detenido.
[-] Contenedor 'algoritmo' detenido.
[-] Contenedor 'backend' detenido.
[-] Contenedor 'hqc' detenido.
[-] Contenedor 'optimizacion_de_rutas' detenido.

--- RECONFIGURACIÓN a las 2025-11-19 16:29:26 ---
Regla de Adaptación (ICA): 250
Regla de Adaptación (CP): 350
[+] Contenedor 'cirq_simulator' iniciado.
[+] Contenedor 'qaoa' iniciado.
[+] Contenedor 'algoritmo' iniciado.
[+] Contenedor 'backend' iniciado.
[+] Contenedor 'hqc' iniciado.
[+] Contenedor 'optimizacion_de_rutas' iniciado.
[⚛️] Trabajo cuántico (QAOA en Cirq Simulator) ejecutado.

--- RECONFIGURACIÓN a las 2025-11-19 16:54:15 ---
Regla de Adaptación (ICA): 250
Regla de Adaptación (CP): 350
Regla de Adaptación (SLA): RAPIDEZ
[⚛️] Trabajo cuántico (QAOA en Cirq Simulator) ejecutado.

--- RECONFIGURACIÓN a las 2025-11-19 16:56:30 ---
Regla de Adaptación (ICA): 150
Regla de Adaptación (CP): 350
Regla de Adaptación (SLA): RAPIDEZ
[⚛️] Trabajo cuántico (QAOA en Cirq Simulator) ejecutado.

--- RECONFIGURACIÓN a las 2025-11-19 16:59:59 ---
Regla de Adaptación (ICA): 50
Regla de Adaptación (CP): 10
Regla de Adaptación (SLA): RAPIDEZ
[-] Contenedor 'cirq_simulator' detenido.
[-] Contenedor 'vqe' detenido.
[-] Contenedor 'qaoa' detenido.
[-] Contenedor 'qiskit_simulator' detenido.
[-] Contenedor 'algoritmo' detenido.
[-] Contenedor 'backend' detenido.
[-] Contenedor 'hqc' detenido.
[-] Contenedor 'optimizacion_de_rutas' detenido.
[-] Contenedor 'entretenimiento_tercera_edad' detenido.
[-] Contenedor 'entretenimiento_adulto' detenido.
[-] Contenedor 'entretenimiento_familiar' detenido.
[-] Contenedor 'entretenimiento' detenido.
[-] Contenedor 'ambientes_cerrados' detenido.
[-] Contenedor 'visualizador_restriccion_uso_lena' detenido.

--- RECONFIGURACIÓN a las 2025-11-19 17:02:34 ---
Regla de Adaptación (ICA): 250
Regla de Adaptación (CP): 10
Regla de Adaptación (SLA): RAPIDEZ
[-] Contenedor 'deportes' detenido.
[-] Contenedor 'ambientes_abiertos' detenido.
[+] Contenedor 'ambientes_cerrados' iniciado.
[+] Contenedor 'visualizador_restriccion_uso_lena' iniciado.

--- RECONFIGURACIÓN a las 2025-11-19 17:04:53 ---
Regla de Adaptación (ICA): 50
Regla de Adaptación (CP): 10
Regla de Adaptación (SLA): PRECISION
[+] Contenedor 'deportes' iniciado.
[+] Contenedor 'ambientes_abiertos' iniciado.
[-] Contenedor 'ambientes_cerrados' detenido.
[-] Contenedor 'visualizador_restriccion_uso_lena' detenido.

--- RECONFIGURACIÓN a las 2025-11-19 17:07:13 ---
Regla de Adaptación (ICA): 150
Regla de Adaptación (CP): 350
Regla de Adaptación (SLA): PRECISION
[+] Contenedor 'qaoa' iniciado.
[+] Contenedor 'qiskit_simulator' iniciado.
[+] Contenedor 'algoritmo' iniciado.
[+] Contenedor 'backend' iniciado.
[+] Contenedor 'hqc' iniciado.
[+] Contenedor 'optimizacion_de_rutas' iniciado.
[-] Contenedor 'deportes' detenido.
[-] Contenedor 'ambientes_abiertos' detenido.
[+] Contenedor 'ambientes_cerrados' iniciado.
[+] Contenedor 'visualizador_restriccion_uso_lena' iniciado.

--- RECONFIGURACIÓN a las 2025-11-19 17:09:36 ---
Regla de Adaptación (ICA): 250
Regla de Adaptación (CP): 10
Regla de Adaptación (SLA): PRECISION
[-] Contenedor 'qaoa' detenido.
[-] Contenedor 'qiskit_simulator' detenido.
[-] Contenedor 'algoritmo' detenido.
[-] Contenedor 'backend' detenido.
[-] Contenedor 'hqc' detenido.
[-] Contenedor 'optimizacion_de_rutas' detenido.

--- RECONFIGURACIÓN a las 2025-11-19 17:13:42 ---
Regla de Adaptación (ICA): 50
Regla de Adaptación (CP): 10
Regla de Adaptación (SLA): RAPIDEZ
[-] Contenedor 'cirq_simulator' detenido.
[-] Contenedor 'vqe' detenido.
[-] Contenedor 'qaoa' detenido.
[-] Contenedor 'qiskit_simulator' detenido.
[-] Contenedor 'algoritmo' detenido.
[-] Contenedor 'backend' detenido.
[-] Contenedor 'hqc' detenido.
[-] Contenedor 'optimizacion_de_rutas' detenido.
[-] Contenedor 'entretenimiento_tercera_edad' detenido.
[-] Contenedor 'entretenimiento_adulto' detenido.
[-] Contenedor 'entretenimiento_familiar' detenido.
[-] Contenedor 'entretenimiento' detenido.
[-] Contenedor 'ambientes_cerrados' detenido.
[-] Contenedor 'visualizador_restriccion_uso_lena' detenido.

--- RECONFIGURACIÓN a las 2025-11-19 17:16:16 ---
Regla de Adaptación (ICA): 50
Regla de Adaptación (CP): 350
Regla de Adaptación (SLA): PRECISION
[+] Contenedor 'qaoa' iniciado.
[+] Contenedor 'qiskit_simulator' iniciado.
[+] Contenedor 'algoritmo' iniciado.
[+] Contenedor 'backend' iniciado.
[+] Contenedor 'hqc' iniciado.
[+] Contenedor 'optimizacion_de_rutas' iniciado.

--- RECONFIGURACIÓN a las 2025-11-19 17:18:33 ---
Regla de Adaptación (ICA): 250
Regla de Adaptación (CP): 10
Regla de Adaptación (SLA): PRECISION
[-] Contenedor 'qaoa' detenido.
[-] Contenedor 'qiskit_simulator' detenido.
[-] Contenedor 'algoritmo' detenido.
[-] Contenedor 'backend' detenido.
[-] Contenedor 'hqc' detenido.
[-] Contenedor 'optimizacion_de_rutas' detenido.
[-] Contenedor 'deportes' detenido.
[-] Contenedor 'ambientes_abiertos' detenido.
[+] Contenedor 'ambientes_cerrados' iniciado.
[+] Contenedor 'visualizador_restriccion_uso_lena' iniciado.

--- RECONFIGURACIÓN a las 2025-11-19 17:27:46 ---
Regla de Adaptación (ICA): 150
Regla de Adaptación (CP): 10
Regla de Adaptación (SLA): PRECISION
[-] Contenedor 'cirq_simulator' detenido.
[-] Contenedor 'vqe' detenido.
[-] Contenedor 'qaoa' detenido.
[-] Contenedor 'qiskit_simulator' detenido.
[-] Contenedor 'algoritmo' detenido.
[-] Contenedor 'backend' detenido.
[-] Contenedor 'hqc' detenido.
[-] Contenedor 'optimizacion_de_rutas' detenido.
[-] Contenedor 'entretenimiento_tercera_edad' detenido.
[-] Contenedor 'entretenimiento_adulto' detenido.
[-] Contenedor 'entretenimiento_familiar' detenido.
[-] Contenedor 'entretenimiento' detenido.
[-] Contenedor 'deportes' detenido.
[-] Contenedor 'ambientes_abiertos' detenido.

--- RECONFIGURACIÓN a las 2025-11-19 17:30:22 ---
Regla de Adaptación (ICA): 150
Regla de Adaptación (CP): 10
Regla de Adaptación (SLA): PRECISION

--- RECONFIGURACIÓN a las 2025-11-19 17:32:38 ---
Regla de Adaptación (ICA): 150
Regla de Adaptación (CP): 350
Regla de Adaptación (SLA): PRECISION
[+] Contenedor 'qaoa' iniciado.
[+] Contenedor 'qiskit_simulator' iniciado.
[+] Contenedor 'algoritmo' iniciado.
[+] Contenedor 'backend' iniciado.
[+] Contenedor 'hqc' iniciado.
[+] Contenedor 'optimizacion_de_rutas' iniciado.

--- RECONFIGURACIÓN a las 2025-11-19 17:45:39 ---
Regla de Adaptación (ICA): 50
Regla de Adaptación (CP): 10
Regla de Adaptación (SLA): RAPIDEZ
[-] Contenedor 'cirq_simulator' detenido.
[-] Contenedor 'vqe' detenido.
[-] Contenedor 'qaoa' detenido.
[-] Contenedor 'qiskit_simulator' detenido.
[-] Contenedor 'algoritmo' detenido.
[-] Contenedor 'backend' detenido.
[-] Contenedor 'hqc' detenido.
[-] Contenedor 'optimizacion_de_rutas' detenido.
[-] Contenedor 'entretenimiento_tercera_edad' detenido.
[-] Contenedor 'entretenimiento_adulto' detenido.
[-] Contenedor 'ambientes_cerrados' detenido.
[-] Contenedor 'visualizador_restriccion_uso_lena' detenido.

--- RECONFIGURACIÓN a las 2025-11-19 17:48:12 ---
Regla de Adaptación (ICA): 150
Regla de Adaptación (CP): 350
Regla de Adaptación (SLA): RAPIDEZ
[+] Contenedor 'cirq_simulator' iniciado.
[+] Contenedor 'qaoa' iniciado.
[+] Contenedor 'algoritmo' iniciado.
[+] Contenedor 'backend' iniciado.
[+] Contenedor 'hqc' iniciado.
[+] Contenedor 'optimizacion_de_rutas' iniciado.
[-] Contenedor 'entretenimiento_familiar' detenido.
[-] Contenedor 'entretenimiento' detenido.
[-] Contenedor 'deportes' detenido.
[-] Contenedor 'ambientes_abiertos' detenido.
[+] Contenedor 'ambientes_cerrados' iniciado.
[+] Contenedor 'visualizador_restriccion_uso_lena' iniciado.
[⚛️] Trabajo cuántico (QAOA en Cirq Simulator) ejecutado.

--- RECONFIGURACIÓN a las 2025-11-19 17:50:43 ---
Regla de Adaptación (ICA): 150
Regla de Adaptación (CP): 10
Regla de Adaptación (SLA): RAPIDEZ
[-] Contenedor 'cirq_simulator' detenido.
[-] Contenedor 'qaoa' detenido.
[-] Contenedor 'algoritmo' detenido.
[-] Contenedor 'backend' detenido.
[-] Contenedor 'hqc' detenido.
[-] Contenedor 'optimizacion_de_rutas' detenido.

--- RECONFIGURACIÓN a las 2025-11-19 17:53:04 ---
Regla de Adaptación (ICA): 50
Regla de Adaptación (CP): 350
Regla de Adaptación (SLA): RAPIDEZ
[+] Contenedor 'cirq_simulator' iniciado.
[+] Contenedor 'qaoa' iniciado.
[+] Contenedor 'algoritmo' iniciado.
[+] Contenedor 'backend' iniciado.
[+] Contenedor 'hqc' iniciado.
[+] Contenedor 'optimizacion_de_rutas' iniciado.
[+] Contenedor 'entretenimiento_familiar' iniciado.
[+] Contenedor 'entretenimiento' iniciado.
[+] Contenedor 'deportes' iniciado.
[+] Contenedor 'ambientes_abiertos' iniciado.
[-] Contenedor 'ambientes_cerrados' detenido.
[⚛️] Trabajo cuántico (QAOA en Cirq Simulator) ejecutado.

--- RECONFIGURACIÓN a las 2025-11-19 17:57:40 ---
Regla de Adaptación (ICA): 150
Regla de Adaptación (CP): 10
Regla de Adaptación (SLA): PRECISION
[-] Contenedor 'cirq_simulator' detenido.
[-] Contenedor 'qaoa' detenido.
[-] Contenedor 'algoritmo' detenido.
[-] Contenedor 'backend' detenido.
[-] Contenedor 'hqc' detenido.
[-] Contenedor 'optimizacion_de_rutas' detenido.
[-] Contenedor 'entretenimiento_familiar' detenido.
[-] Contenedor 'entretenimiento' detenido.
[-] Contenedor 'deportes' detenido.
[-] Contenedor 'ambientes_abiertos' detenido.
[+] Contenedor 'ambientes_cerrados' iniciado.

--- RECONFIGURACIÓN a las 2025-11-19 18:00:19 ---
Regla de Adaptación (ICA): 250
Regla de Adaptación (CP): 350
Regla de Adaptación (SLA): RAPIDEZ
[+] Contenedor 'cirq_simulator' iniciado.
[+] Contenedor 'qaoa' iniciado.
[+] Contenedor 'algoritmo' iniciado.
[+] Contenedor 'backend' iniciado.
[+] Contenedor 'hqc' iniciado.
[+] Contenedor 'optimizacion_de_rutas' iniciado.
[⚛️] Trabajo cuántico (QAOA en Cirq Simulator) ejecutado.

--- RECONFIGURACIÓN a las 2025-11-19 18:02:37 ---
Regla de Adaptación (ICA): 250
Regla de Adaptación (CP): 350
Regla de Adaptación (SLA): RAPIDEZ
[⚛️] Trabajo cuántico (QAOA en Cirq Simulator) ejecutado.

--- RECONFIGURACIÓN a las 2025-11-19 18:04:53 ---
Regla de Adaptación (ICA): 150
Regla de Adaptación (CP): 350
Regla de Adaptación (SLA): PRECISION
[-] Contenedor 'cirq_simulator' detenido.
[+] Contenedor 'qiskit_simulator' iniciado.

--- RECONFIGURACIÓN a las 2025-11-19 18:09:32 ---
Regla de Adaptación (ICA): 150
Regla de Adaptación (CP): 10
Regla de Adaptación (SLA): PRECISION
[-] Contenedor 'cirq_simulator' detenido.
[-] Contenedor 'vqe' detenido.
[-] Contenedor 'qaoa' detenido.
[-] Contenedor 'qiskit_simulator' detenido.
[-] Contenedor 'algoritmo' detenido.
[-] Contenedor 'backend' detenido.
[-] Contenedor 'hqc' detenido.
[-] Contenedor 'optimizacion_de_rutas' detenido.
[-] Contenedor 'entretenimiento_tercera_edad' detenido.
[-] Contenedor 'entretenimiento_adulto' detenido.
[-] Contenedor 'entretenimiento_familiar' detenido.
[-] Contenedor 'entretenimiento' detenido.
[-] Contenedor 'deportes' detenido.
[-] Contenedor 'ambientes_abiertos' detenido.

--- RECONFIGURACIÓN a las 2025-11-19 18:12:03 ---
Regla de Adaptación (ICA): 250
Regla de Adaptación (CP): 10
Regla de Adaptación (SLA): RAPIDEZ

--- RECONFIGURACIÓN a las 2025-11-19 18:14:20 ---
Regla de Adaptación (ICA): 50
Regla de Adaptación (CP): 350
Regla de Adaptación (SLA): RAPIDEZ
[+] Contenedor 'cirq_simulator' iniciado.
[+] Contenedor 'qaoa' iniciado.
[+] Contenedor 'algoritmo' iniciado.
[+] Contenedor 'backend' iniciado.
[+] Contenedor 'hqc' iniciado.
[+] Contenedor 'optimizacion_de_rutas' iniciado.
[+] Contenedor 'deportes' iniciado.
[+] Contenedor 'ambientes_abiertos' iniciado.
[-] Contenedor 'ambientes_cerrados' detenido.
[-] Contenedor 'visualizador_restriccion_uso_lena' detenido.
[⚛️] Trabajo cuántico (QAOA en Cirq Simulator) ejecutado.

--- RECONFIGURACIÓN a las 2025-11-19 18:16:45 ---
Regla de Adaptación (ICA): 50
Regla de Adaptación (CP): 350
Regla de Adaptación (SLA): PRECISION
[-] Contenedor 'cirq_simulator' detenido.
[+] Contenedor 'qiskit_simulator' iniciado.
[+] Contenedor 'entretenimiento_familiar' iniciado.
[+] Contenedor 'entretenimiento' iniciado.
[+] Contenedor 'visualizador_restriccion_uso_lena' iniciado.

--- RECONFIGURACIÓN a las 2025-11-19 18:23:10 ---
Regla de Adaptación (ICA): 50
Regla de Adaptación (CP): 10
Regla de Adaptación (SLA): RAPIDEZ
[-] Contenedor 'cirq_simulator' detenido.
[-] Contenedor 'vqe' detenido.
[-] Contenedor 'qaoa' detenido.
[-] Contenedor 'qiskit_simulator' detenido.
[-] Contenedor 'algoritmo' detenido.
[-] Contenedor 'backend' detenido.
[-] Contenedor 'hqc' detenido.
[-] Contenedor 'optimizacion_de_rutas' detenido.
[-] Contenedor 'entretenimiento_tercera_edad' detenido.
[-] Contenedor 'entretenimiento_adulto' detenido.
[-] Contenedor 'entretenimiento_familiar' detenido.
[-] Contenedor 'entretenimiento' detenido.
[-] Contenedor 'ambientes_cerrados' detenido.
[-] Contenedor 'visualizador_restriccion_uso_lena' detenido.

--- RECONFIGURACIÓN a las 2025-11-19 18:25:42 ---
Regla de Adaptación (ICA): 250
Regla de Adaptación (CP): 350
Regla de Adaptación (SLA): PRECISION
[+] Contenedor 'qaoa' iniciado.
[+] Contenedor 'qiskit_simulator' iniciado.
[+] Contenedor 'algoritmo' iniciado.
[+] Contenedor 'backend' iniciado.
[+] Contenedor 'hqc' iniciado.
[+] Contenedor 'optimizacion_de_rutas' iniciado.
[-] Contenedor 'deportes' detenido.
[-] Contenedor 'ambientes_abiertos' detenido.
[+] Contenedor 'ambientes_cerrados' iniciado.
[+] Contenedor 'visualizador_restriccion_uso_lena' iniciado.
[❌] ERROR HQC: No se encontró un adaptador para el backend 'Qiskit Simulator'.

--- RECONFIGURACIÓN a las 2025-11-19 18:30:22 ---
Regla de Adaptación (ICA): 50
Regla de Adaptación (CP): 10
Regla de Adaptación (SLA): RAPIDEZ
[-] Contenedor 'cirq_simulator' detenido.
[-] Contenedor 'vqe' detenido.
[-] Contenedor 'qaoa' detenido.
[-] Contenedor 'qiskit_simulator' detenido.
[-] Contenedor 'algoritmo' detenido.
[-] Contenedor 'backend' detenido.
[-] Contenedor 'hqc' detenido.
[-] Contenedor 'optimizacion_de_rutas' detenido.
[-] Contenedor 'entretenimiento_tercera_edad' detenido.
[-] Contenedor 'entretenimiento_adulto' detenido.
[-] Contenedor 'entretenimiento_familiar' detenido.
[-] Contenedor 'entretenimiento' detenido.
[-] Contenedor 'ambientes_cerrados' detenido.
[-] Contenedor 'visualizador_restriccion_uso_lena' detenido.

--- RECONFIGURACIÓN a las 2025-11-19 18:32:56 ---
Regla de Adaptación (ICA): 150
Regla de Adaptación (CP): 10
Regla de Adaptación (SLA): RAPIDEZ
[-] Contenedor 'deportes' detenido.
[-] Contenedor 'ambientes_abiertos' detenido.
[+] Contenedor 'ambientes_cerrados' iniciado.
[+] Contenedor 'visualizador_restriccion_uso_lena' iniciado.

--- RECONFIGURACIÓN a las 2025-11-19 18:35:14 ---
Regla de Adaptación (ICA): 250
Regla de Adaptación (CP): 350
Regla de Adaptación (SLA): RAPIDEZ
[+] Contenedor 'cirq_simulator' iniciado.
[+] Contenedor 'qaoa' iniciado.
[+] Contenedor 'algoritmo' iniciado.
[+] Contenedor 'backend' iniciado.
[+] Contenedor 'hqc' iniciado.
[+] Contenedor 'optimizacion_de_rutas' iniciado.
[⚛️] Trabajo cuántico (QAOA en Cirq Simulator) ejecutado.

--- RECONFIGURACIÓN a las 2025-11-19 18:37:31 ---
Regla de Adaptación (ICA): 250
Regla de Adaptación (CP): 10
Regla de Adaptación (SLA): PRECISION
[-] Contenedor 'cirq_simulator' detenido.
[-] Contenedor 'qaoa' detenido.
[-] Contenedor 'algoritmo' detenido.
[-] Contenedor 'backend' detenido.
[-] Contenedor 'hqc' detenido.
[-] Contenedor 'optimizacion_de_rutas' detenido.

--- RECONFIGURACIÓN a las 2025-11-19 20:34:37 ---
Regla de Adaptación (ICA): 250
Regla de Adaptación (CP): 350
Regla de Adaptación (SLA): RAPIDEZ
[-] Contenedor 'vqe' detenido.
[-] Contenedor 'qiskit_simulator' detenido.
[-] Contenedor 'entretenimiento_tercera_edad' detenido.
[-] Contenedor 'entretenimiento_adulto' detenido.
[-] Contenedor 'entretenimiento_familiar' detenido.
[-] Contenedor 'entretenimiento' detenido.
[-] Contenedor 'deportes' detenido.
[-] Contenedor 'ambientes_abiertos' detenido.
[⚛️] Trabajo cuántico (QAOA en Cirq Simulator) ejecutado.

--- RECONFIGURACIÓN a las 2025-11-19 20:37:07 ---
Regla de Adaptación (ICA): 150
Regla de Adaptación (CP): 350
Regla de Adaptación (SLA): PRECISION
[-] Contenedor 'cirq_simulator' detenido.
[+] Contenedor 'qiskit_simulator' iniciado.

--- RECONFIGURACIÓN a las 2025-11-19 20:39:29 ---
Regla de Adaptación (ICA): 50
Regla de Adaptación (CP): 350
Regla de Adaptación (SLA): PRECISION
[+] Contenedor 'deportes' iniciado.
[+] Contenedor 'ambientes_abiertos' iniciado.
[-] Contenedor 'ambientes_cerrados' detenido.
[-] Contenedor 'visualizador_restriccion_uso_lena' detenido.

--- RECONFIGURACIÓN a las 2025-11-19 20:40:07 ---
Regla de Adaptación (ICA): 250
Regla de Adaptación (CP): 10
Regla de Adaptación (SLA): PRECISION
[-] Contenedor 'qaoa' detenido.
[-] Contenedor 'qiskit_simulator' detenido.
[-] Contenedor 'algoritmo' detenido.
[-] Contenedor 'backend' detenido.
[-] Contenedor 'hqc' detenido.
[-] Contenedor 'optimizacion_de_rutas' detenido.
[-] Contenedor 'deportes' detenido.
[-] Contenedor 'ambientes_abiertos' detenido.
[+] Contenedor 'ambientes_cerrados' iniciado.
[+] Contenedor 'visualizador_restriccion_uso_lena' iniciado.

--- RECONFIGURACIÓN a las 2025-11-19 20:42:37 ---
Regla de Adaptación (ICA): 150
Regla de Adaptación (CP): 350
Regla de Adaptación (SLA): PRECISION
[+] Contenedor 'qaoa' iniciado.
[+] Contenedor 'qiskit_simulator' iniciado.
[+] Contenedor 'algoritmo' iniciado.
[+] Contenedor 'backend' iniciado.
[+] Contenedor 'hqc' iniciado.
[+] Contenedor 'optimizacion_de_rutas' iniciado.

--- RECONFIGURACIÓN a las 2025-11-19 20:44:53 ---
Regla de Adaptación (ICA): 50
Regla de Adaptación (CP): 10
Regla de Adaptación (SLA): PRECISION
[-] Contenedor 'qaoa' detenido.
[-] Contenedor 'qiskit_simulator' detenido.
[-] Contenedor 'algoritmo' detenido.
[-] Contenedor 'backend' detenido.
[-] Contenedor 'hqc' detenido.
[-] Contenedor 'optimizacion_de_rutas' detenido.
[+] Contenedor 'deportes' iniciado.
[+] Contenedor 'ambientes_abiertos' iniciado.
[-] Contenedor 'ambientes_cerrados' detenido.
[-] Contenedor 'visualizador_restriccion_uso_lena' detenido.

--- RECONFIGURACIÓN a las 2025-11-19 20:47:21 ---
Regla de Adaptación (ICA): 150
Regla de Adaptación (CP): 10
Regla de Adaptación (SLA): RAPIDEZ
[-] Contenedor 'deportes' detenido.
[-] Contenedor 'ambientes_abiertos' detenido.
[+] Contenedor 'ambientes_cerrados' iniciado.
[+] Contenedor 'visualizador_restriccion_uso_lena' iniciado.

--- RECONFIGURACIÓN a las 2025-11-19 20:49:45 ---
Regla de Adaptación (ICA): 250
Regla de Adaptación (CP): 10
Regla de Adaptación (SLA): PRECISION

--- RECONFIGURACIÓN 2025-11-19 21:22:15 ---
Contexto: ICA=50, CP=350, SLA=PRECISION
[+] Contenedor 'qaoa' iniciado.
[+] Contenedor 'qiskit_simulator' iniciado.
[+] Contenedor 'algoritmo' iniciado.
[+] Contenedor 'backend' iniciado.
[+] Contenedor 'hqc' iniciado.
[+] Contenedor 'optimizacion_de_rutas' iniciado.
[+] Contenedor 'deportes' iniciado.
[+] Contenedor 'ambientes_abiertos' iniciado.
[-] Contenedor 'ambientes_cerrados' detenido.
[-] Contenedor 'visualizador_restriccion_uso_lena' detenido.

--- RECONFIGURACIÓN 2025-11-19 21:24:37 ---
Contexto: ICA=250, CP=10, SLA=RAPIDEZ
[-] Contenedor 'qaoa' detenido.
[-] Contenedor 'qiskit_simulator' detenido.
[-] Contenedor 'algoritmo' detenido.
[-] Contenedor 'backend' detenido.
[-] Contenedor 'hqc' detenido.
[-] Contenedor 'optimizacion_de_rutas' detenido.
[-] Contenedor 'deportes' detenido.
[-] Contenedor 'ambientes_abiertos' detenido.
[+] Contenedor 'ambientes_cerrados' iniciado.
[+] Contenedor 'visualizador_restriccion_uso_lena' iniciado.

--- RECONFIGURACIÓN 2025-11-19 21:27:02 ---
Contexto: ICA=250, CP=350, SLA=PRECISION
[+] Contenedor 'qaoa' iniciado.
[+] Contenedor 'qiskit_simulator' iniciado.
[+] Contenedor 'algoritmo' iniciado.
[+] Contenedor 'backend' iniciado.
[+] Contenedor 'hqc' iniciado.
[+] Contenedor 'optimizacion_de_rutas' iniciado.

--- RECONFIGURACIÓN 2025-11-19 21:29:17 ---
Contexto: ICA=50, CP=10, SLA=PRECISION
[-] Contenedor 'qaoa' detenido.
[-] Contenedor 'qiskit_simulator' detenido.
[-] Contenedor 'algoritmo' detenido.
[-] Contenedor 'backend' detenido.
[-] Contenedor 'hqc' detenido.
[-] Contenedor 'optimizacion_de_rutas' detenido.
[+] Contenedor 'deportes' iniciado.
[+] Contenedor 'ambientes_abiertos' iniciado.
[-] Contenedor 'ambientes_cerrados' detenido.
[-] Contenedor 'visualizador_restriccion_uso_lena' detenido.

--- RECONFIGURACIÓN 2025-11-19 21:31:42 ---
Contexto: ICA=150, CP=350, SLA=RAPIDEZ
[+] Contenedor 'cirq_simulator' iniciado.
[+] Contenedor 'qaoa' iniciado.
[+] Contenedor 'algoritmo' iniciado.
[+] Contenedor 'backend' iniciado.
[+] Contenedor 'hqc' iniciado.
[+] Contenedor 'optimizacion_de_rutas' iniciado.
[-] Contenedor 'deportes' detenido.
[-] Contenedor 'ambientes_abiertos' detenido.
[+] Contenedor 'ambientes_cerrados' iniciado.
[+] Contenedor 'visualizador_restriccion_uso_lena' iniciado.
[⚛️] Job HQC (QAOA en Cirq Simulator): Tamaño=5, Depth=2

--- RECONFIGURACIÓN 2025-11-19 21:34:04 ---
Contexto: ICA=250, CP=350, SLA=RAPIDEZ
[⚛️] Job HQC (QAOA en Cirq Simulator): Tamaño=5, Depth=2

--- RECONFIGURACIÓN 2025-11-19 21:36:20 ---
Contexto: ICA=150, CP=10, SLA=RAPIDEZ
[-] Contenedor 'cirq_simulator' detenido.
[-] Contenedor 'qaoa' detenido.
[-] Contenedor 'algoritmo' detenido.
[-] Contenedor 'backend' detenido.
[-] Contenedor 'hqc' detenido.
[-] Contenedor 'optimizacion_de_rutas' detenido.

--- RECONFIGURACIÓN 2025-11-19 21:38:42 ---
Contexto: ICA=250, CP=10, SLA=PRECISION

--- RECONFIGURACIÓN 2025-11-19 21:42:32 ---
Contexto: ICA=50, CP=350, SLA=RAPIDEZ
[+] Contenedor 'cirq_simulator' iniciado.
[+] Contenedor 'qaoa' iniciado.
[+] Contenedor 'algoritmo' iniciado.
[+] Contenedor 'backend' iniciado.
[+] Contenedor 'hqc' iniciado.
[+] Contenedor 'optimizacion_de_rutas' iniciado.
[+] Contenedor 'deportes' iniciado.
[+] Contenedor 'ambientes_abiertos' iniciado.
[-] Contenedor 'ambientes_cerrados' detenido.
[-] Contenedor 'visualizador_restriccion_uso_lena' detenido.
[⚛️] Job HQC (QAOA en Cirq Simulator): Tamaño=5, Depth=2

--- RECONFIGURACIÓN 2025-11-19 21:44:54 ---
Contexto: ICA=150, CP=350, SLA=RAPIDEZ
[+] Contenedor 'vqe' iniciado.
[-] Contenedor 'qaoa' detenido.
[-] Contenedor 'deportes' detenido.
[-] Contenedor 'ambientes_abiertos' detenido.
[+] Contenedor 'ambientes_cerrados' iniciado.
[+] Contenedor 'visualizador_restriccion_uso_lena' iniciado.
[⚛️] Job HQC (VQE en Cirq Simulator): Tamaño=5, Depth=2

--- RECONFIGURACIÓN 2025-11-19 21:47:17 ---
Contexto: ICA=50, CP=10, SLA=RAPIDEZ
[-] Contenedor 'cirq_simulator' detenido.
[-] Contenedor 'vqe' detenido.
[-] Contenedor 'algoritmo' detenido.
[-] Contenedor 'backend' detenido.
[-] Contenedor 'hqc' detenido.
[-] Contenedor 'optimizacion_de_rutas' detenido.
[+] Contenedor 'deportes' iniciado.
[+] Contenedor 'ambientes_abiertos' iniciado.
[-] Contenedor 'ambientes_cerrados' detenido.
[-] Contenedor 'visualizador_restriccion_uso_lena' detenido.

--- RECONFIGURACIÓN 2025-11-19 21:51:56 ---
Contexto: ICA=50, CP=350, SLA=RAPIDEZ
[+] Contenedor 'cirq_simulator' iniciado.
[+] Contenedor 'qaoa' iniciado.
[+] Contenedor 'algoritmo' iniciado.
[+] Contenedor 'backend' iniciado.
[+] Contenedor 'hqc' iniciado.
[+] Contenedor 'optimizacion_de_rutas' iniciado.
[⚛️] Job HQC (QAOA en Cirq Simulator): Tamaño=5, Depth=2

--- RECONFIGURACIÓN 2025-11-19 21:54:17 ---
Contexto: ICA=50, CP=10, SLA=RAPIDEZ
[-] Contenedor 'cirq_simulator' detenido.
[-] Contenedor 'qaoa' detenido.
[-] Contenedor 'algoritmo' detenido.
[-] Contenedor 'backend' detenido.
[-] Contenedor 'hqc' detenido.
[-] Contenedor 'optimizacion_de_rutas' detenido.

--- RECONFIGURACIÓN 2025-11-19 21:56:39 ---
Contexto: ICA=250, CP=10, SLA=RAPIDEZ
[-] Contenedor 'deportes' detenido.
[-] Contenedor 'ambientes_abiertos' detenido.
[+] Contenedor 'ambientes_cerrados' iniciado.
[+] Contenedor 'visualizador_restriccion_uso_lena' iniciado.

--- RECONFIGURACIÓN 2025-11-19 21:58:57 ---
Contexto: ICA=50, CP=350, SLA=RAPIDEZ
[+] Contenedor 'cirq_simulator' iniciado.
[+] Contenedor 'qaoa' iniciado.
[+] Contenedor 'algoritmo' iniciado.
[+] Contenedor 'backend' iniciado.
[+] Contenedor 'hqc' iniciado.
[+] Contenedor 'optimizacion_de_rutas' iniciado.
[+] Contenedor 'deportes' iniciado.
[+] Contenedor 'ambientes_abiertos' iniciado.
[-] Contenedor 'ambientes_cerrados' detenido.
[-] Contenedor 'visualizador_restriccion_uso_lena' detenido.
[⚛️] Job HQC (QAOA en Cirq Simulator): Tamaño=5, Depth=2

--- RECONFIGURACIÓN 2025-11-19 22:04:50 ---
Contexto: ICA=50, CP=10, SLA=PRECISION
[-] Contenedor 'cirq_simulator' detenido.
[-] Contenedor 'vqe' detenido.
[-] Contenedor 'qaoa' detenido.
[-] Contenedor 'qiskit_simulator' detenido.
[-] Contenedor 'algoritmo' detenido.
[-] Contenedor 'backend' detenido.
[-] Contenedor 'hqc' detenido.
[-] Contenedor 'optimizacion_de_rutas' detenido.
[-] Contenedor 'entretenimiento_tercera_edad' detenido.
[-] Contenedor 'entretenimiento_adulto' detenido.
[-] Contenedor 'entretenimiento_familiar' detenido.
[-] Contenedor 'entretenimiento' detenido.
[-] Contenedor 'ambientes_cerrados' detenido.
[-] Contenedor 'visualizador_restriccion_uso_lena' detenido.
